components/categories/attribute-template-builder.tsx(301,25): error TS2322: Type '"icon"' is not assignable to type '"lg" | "sm" | "default" | null | undefined'.
components/categories/category-list-table.tsx(226,25): error TS2554: Expected 2 arguments, but got 3.
components/entities/entity-list-table.tsx(216,23): error TS2554: Expected 2 arguments, but got 3.
components/entity-categories/entity-category-list-table.tsx(232,25): error TS2554: Expected 2 arguments, but got 3.
components/inventory/stock/stock-adjustment-line-entry-table.tsx(178,21): error TS2322: Type 'HTMLInputElement | HTMLTextAreaElement | null' is not assignable to type 'HTMLInputElement | null'.
  Type 'HTMLTextAreaElement' is missing the following properties from type 'HTMLInputElement': accept, align, alt, capture, and 29 more.
components/inventory/stock/stock-adjustments-table.tsx(155,23): error TS2554: Expected 2 arguments, but got 3.
components/inventory/stock/stock-balances-table.tsx(207,23): error TS2554: Expected 2 arguments, but got 3.
components/inventory/stock/stock-drawer-form.tsx(284,31): error TS2339: Property 'errorAction' does not exist on type '{ error: string; }'.
components/inventory/stock/stock-list-column-settings.tsx(47,70): error TS2345: Argument of type 'ListColumnPrefs<"location" | "kind" | "sku" | "item" | "lines" | "reason" | "posted" | "on_hand" | "reorder" | "document" | "promo_on_hand" | "avg_cost">' is not assignable to parameter of type 'ListColumnPrefs<"location" | "sku" | "item" | "on_hand" | "reorder" | "promo_on_hand" | "avg_cost"> | ListColumnPrefs<"location" | "kind" | "lines" | "reason" | "posted" | "document">'.
  Type 'ListColumnPrefs<"location" | "kind" | "sku" | "item" | "lines" | "reason" | "posted" | "on_hand" | "reorder" | "document" | "promo_on_hand" | "avg_cost">' is not assignable to type 'ListColumnPrefs<"location" | "sku" | "item" | "on_hand" | "reorder" | "promo_on_hand" | "avg_cost">'.
    Types of property 'columnOrder' are incompatible.
      Type '("location" | "kind" | "sku" | "item" | "lines" | "reason" | "posted" | "on_hand" | "reorder" | "document" | "promo_on_hand" | "avg_cost")[]' is not assignable to type '("location" | "sku" | "item" | "on_hand" | "reorder" | "promo_on_hand" | "avg_cost")[]'.
        Type '"location" | "kind" | "sku" | "item" | "lines" | "reason" | "posted" | "on_hand" | "reorder" | "document" | "promo_on_hand" | "avg_cost"' is not assignable to type '"location" | "sku" | "item" | "on_hand" | "reorder" | "promo_on_hand" | "avg_cost"'.
          Type '"kind"' is not assignable to type '"location" | "sku" | "item" | "on_hand" | "reorder" | "promo_on_hand" | "avg_cost"'.
components/inventory/stock/stock-variant-sku-field.tsx(491,9): error TS2345: Argument of type '{ variant_id: string; item_id: string; item_name: string; variant_sku: string; standard_cost: string | null; adjustable: true; blocked_reason: null; image_url: any; base_unit_of_measure: string | null; }' is not assignable to parameter of type 'StockVariantOption'.
  Property 'purchase_price' is missing in type '{ variant_id: string; item_id: string; item_name: string; variant_sku: string; standard_cost: string | null; adjustable: true; blocked_reason: null; image_url: any; base_unit_of_measure: string | null; }' but required in type 'StockVariantOption'.
components/inventory/stock/stock-variant-sku-field.tsx(499,37): error TS2339: Property 'image_url' does not exist on type '{ variant_id: string; item_id: string; item_name: string; variant_sku: string; track_inventory: boolean; tracking_mode: string; standard_cost: string | null; blocked_reason: string | null; base_unit_of_measure: string | null; }'.
components/inventory/stock/stock-variant-sku-field.tsx(760,12): error TS2322: Type '{ value: string; disabled: boolean; autoComplete: "off"; autoCorrect: "off"; autoCapitalize: "off"; spellCheck: boolean; placeholder: string; "aria-label": string; role: "combobox"; "aria-expanded": boolean; ... 8 more ...; className: string; }' is not assignable to type 'DetailedHTMLProps<TextareaHTMLAttributes<HTMLTextAreaElement>, HTMLTextAreaElement>'.
  Type '{ value: string; disabled: boolean; autoComplete: "off"; autoCorrect: "off"; autoCapitalize: "off"; spellCheck: boolean; placeholder: string; "aria-label": string; role: "combobox"; "aria-expanded": boolean; ... 8 more ...; className: string; }' is not assignable to type 'TextareaHTMLAttributes<HTMLTextAreaElement>'.
    Types of property 'onBlur' are incompatible.
      Type '(event: React.FocusEvent<HTMLInputElement>) => void' is not assignable to type 'FocusEventHandler<HTMLTextAreaElement>'.
        Types of parameters 'event' and 'event' are incompatible.
          Type 'FocusEvent<HTMLTextAreaElement, Element>' is not assignable to type 'FocusEvent<HTMLInputElement, Element>'.
            Type 'HTMLTextAreaElement' is missing the following properties from type 'HTMLInputElement': accept, align, alt, capture, and 29 more.
components/inventory/transfers/transfer-line-entry-table.tsx(148,21): error TS2322: Type 'HTMLInputElement | HTMLTextAreaElement | null' is not assignable to type 'HTMLInputElement | null'.
  Type 'HTMLTextAreaElement' is missing the following properties from type 'HTMLInputElement': accept, align, alt, capture, and 29 more.
components/inventory/transfers/transfer-list-table.tsx(157,23): error TS2554: Expected 2 arguments, but got 3.
components/locations/location-provision-form.tsx(84,7): error TS2739: Type '{ location_id: null; name: string; code: string; presence_type: "PHYSICAL"; parent_location_id: null; address_line1: string; address_line2: string; city: string; state: string; zip_postal: string; ... 19 more ...; location_accent_hue: null; }' is missing the following properties from type 'LocationFormValues': is_git_holding, is_subcontract_wip
components/locations/location-provision-form.tsx(165,32): error TS2345: Argument of type '{ location_theme_enabled: boolean; location_theme: Theme; location_primary_hue: number | null; location_accent_hue: number | null; location_id: string; name: string; code: string; ... 22 more ...; existing_location_meta: Record<...>; }' is not assignable to parameter of type 'LocationFormValues'.
  Type '{ location_theme_enabled: boolean; location_theme: Theme; location_primary_hue: number | null; location_accent_hue: number | null; location_id: string; name: string; code: string; ... 22 more ...; existing_location_meta: Record<...>; }' is missing the following properties from type 'LocationFormValues': is_git_holding, is_subcontract_wip
components/procurement/goods-receipts/grn-drawer-form.tsx(120,35): error TS2345: Argument of type '(line: { id: string; variant_id: string; variant_sku: string; item_name: string; open_quantity: string; unit_price_contractual: string; is_promotional?: boolean | undefined; item_id?: string | undefined; }, options?: { ...; } | undefined) => GrnDraftLine' is not assignable to parameter of type '(value: PurchaseOrderLineRow, index: number, array: PurchaseOrderLineRow[]) => GrnDraftLine'.
  Types of parameters 'options' and 'index' are incompatible.
    Type 'number' has no properties in common with type '{ routeToQc?: boolean | undefined; }'.
components/procurement/goods-receipts/grn-line-entry-table.tsx(337,21): error TS2322: Type 'HTMLInputElement | HTMLTextAreaElement | null' is not assignable to type 'HTMLInputElement | null'.
  Type 'HTMLTextAreaElement' is missing the following properties from type 'HTMLInputElement': accept, align, alt, capture, and 29 more.
components/procurement/goods-receipts/grn-line-entry-table.tsx(407,54): error TS2304: Cannot find name 'GrnRejectDisposition'.
components/procurement/goods-receipts/grn-line-entry-table.tsx(415,24): error TS2304: Cannot find name 'GRN_REJECT_DISPOSITIONS'.
components/procurement/goods-receipts/grn-line-entry-table.tsx(415,53): error TS7006: Parameter 'd' implicitly has an 'any' type.
components/procurement/goods-receipts/grn-line-entry-table.tsx(417,28): error TS2304: Cannot find name 'grnRejectDispositionLabel'.
components/procurement/purchase-orders/po-drawer-form.tsx(326,15): error TS2304: Cannot find name 'applySavedPoTaxToDraftForm'.
components/procurement/purchase-orders/po-drawer-form.tsx(392,9): error TS2304: Cannot find name 'applySavedPoTaxToDraftForm'.
components/procurement/purchase-orders/po-line-entry-actions.ts(272,17): error TS2345: Argument of type 'PoLineCatalogContext | null' is not assignable to parameter of type 'PoLineCatalogContext'.
  Type 'null' is not assignable to type 'PoLineCatalogContext'.
components/procurement/purchase-orders/po-line-entry-cells.tsx(541,11): error TS2322: Type 'boolean | ""' is not assignable to type 'boolean | undefined'.
  Type '""' is not assignable to type 'boolean | undefined'.
components/procurement/purchase-orders/po-line-entry-cells.tsx(1025,61): error TS2345: Argument of type '{ taxableBase: number; taxAmount: number; lineTotal: number; }' is not assignable to parameter of type '{ taxRate: number; taxAmount: number; }'.
  Property 'taxRate' is missing in type '{ taxableBase: number; taxAmount: number; lineTotal: number; }' but required in type '{ taxRate: number; taxAmount: number; }'.
components/procurement/purchase-orders/po-line-hsn-slot.tsx(36,11): error TS2554: Expected 2 arguments, but got 1.
components/procurement/purchase-orders/po-line-mrp-markdown-slot.tsx(121,15): error TS2554: Expected 2 arguments, but got 1.
components/procurement/purchase-orders/po-line-mrp-reference-slot.tsx(72,15): error TS2554: Expected 2 arguments, but got 1.
components/procurement/purchase-orders/po-promo-entitlements-panel.tsx(80,20): error TS2345: Argument of type 'string | undefined' is not assignable to parameter of type 'SetStateAction<string | null>'.
  Type 'undefined' is not assignable to type 'SetStateAction<string | null>'.
components/procurement/purchase-orders/po-promo-entitlements-panel.tsx(117,21): error TS2345: Argument of type 'string | UserFacingError | undefined' is not assignable to parameter of type 'string | number | bigint | boolean | (() => ReactNode) | ReactElement<unknown, string | JSXElementConstructor<any>> | Iterable<ReactNode> | ReactPortal | Promise<...> | null | undefined'.
  Type 'UserFacingError' is not assignable to type 'string | number | bigint | boolean | (() => ReactNode) | ReactElement<unknown, string | JSXElementConstructor<any>> | Iterable<ReactNode> | ReactPortal | Promise<...> | null | undefined'.
components/procurement/purchase-orders/use-po-line-catalog-hydration.ts(97,45): error TS2345: Argument of type 'PoLineCatalogContext | null' is not assignable to parameter of type 'PoLineCatalogContext'.
  Type 'null' is not assignable to type 'PoLineCatalogContext'.
components/procurement/subcontract/subcontract-management-terminal.tsx(29,10): error TS2741: Property 'createLabel' is missing in type '{ title: string; description: string; }' but required in type 'Props'.
components/products/product-catalog-terminal.tsx(1202,56): error TS2454: Variable 'fetchPromise' is used before being assigned.
components/products/product-editor/composition-editor.tsx(522,23): error TS2322: Type '"icon"' is not assignable to type '"lg" | "sm" | "default" | null | undefined'.
components/products/product-editor/product-editor-shell.tsx(2020,14): error TS2367: This comparison appears to be unintentional because the types '"edit" | "view"' and '"create"' have no overlap.
components/products/product-form-route.tsx(270,15): error TS2322: Type '"icon"' is not assignable to type '"lg" | "sm" | "default" | null | undefined'.
components/products/product-list-table.tsx(233,25): error TS2554: Expected 2 arguments, but got 3.
components/products/product-panel-form.tsx(445,9): error TS2322: Type 'ProductCatalogContext | null' is not assignable to type 'ProductCatalogContext'.
  Type 'null' is not assignable to type 'ProductCatalogContext'.
components/settings/copyable-readonly-field.tsx(39,49): error TS2322: Type '"icon"' is not assignable to type '"lg" | "sm" | "default" | null | undefined'.
components/settings/entity-custom-fields-builder.tsx(143,17): error TS2322: Type '"icon"' is not assignable to type '"lg" | "sm" | "default" | null | undefined'.
components/ui/select.tsx(14,3): error TS2339: Property 'modal' does not exist on type 'SelectSharedProps & { value?: string | undefined; defaultValue?: string | undefined; onValueChange?(value: string): void; }'.
components/ui/select.tsx(17,25): error TS2322: Type '{ children?: ReactNode; open?: boolean | undefined; defaultOpen?: boolean | undefined; onOpenChange?(open: boolean): void; dir?: Direction | undefined; name?: string | undefined; ... 7 more ...; modal: any; }' is not assignable to type 'IntrinsicAttributes & SelectSharedProps & { value?: string | undefined; defaultValue?: string | undefined; onValueChange?(value: string): void; }'.
  Property 'modal' does not exist on type 'IntrinsicAttributes & SelectSharedProps & { value?: string | undefined; defaultValue?: string | undefined; onValueChange?(value: string): void; }'.
lib/categories/__tests__/attribute-inheritance.test.ts(15,3): error TS2741: Property 'qc_receipt_policy' is missing in type '{ id: string; name: string; parent_id: null; is_active: true; attribute_templates: { key: string; label: string; type: "text"; }[]; inherit_parent_attributes: true; default_variant_strategy: "SINGLE_SKU"; created_at: string; updated_at: string; }' but required in type 'CategoryRow'.
lib/categories/__tests__/attribute-inheritance.test.ts(26,3): error TS2741: Property 'qc_receipt_policy' is missing in type '{ id: string; name: string; parent_id: string; is_active: true; attribute_templates: { key: string; label: string; type: "select"; options: string[]; }[]; inherit_parent_attributes: true; default_variant_strategy: "MULTI_SKU"; created_at: string; updated_at: string; }' but required in type 'CategoryRow'.
lib/categories/__tests__/attribute-inheritance.test.ts(37,3): error TS2741: Property 'qc_receipt_policy' is missing in type '{ id: string; name: string; parent_id: string; is_active: true; attribute_templates: { key: string; label: string; type: "text"; }[]; inherit_parent_attributes: false; default_variant_strategy: "SINGLE_SKU"; created_at: string; updated_at: string; }' but required in type 'CategoryRow'.
lib/categories/__tests__/attribute-inheritance.test.ts(82,7): error TS2741: Property 'qc_receipt_policy' is missing in type '{ id: string; name: string; parent_id: string; is_active: true; attribute_templates: { key: string; label: string; type: "text"; }[]; inherit_parent_attributes: true; default_variant_strategy: "SINGLE_SKU"; created_at: string; updated_at: string; }' but required in type 'CategoryRow'.
lib/categories/__tests__/attribute-inheritance.test.ts(93,7): error TS2741: Property 'qc_receipt_policy' is missing in type '{ id: string; name: string; parent_id: string; is_active: true; attribute_templates: { key: string; label: string; type: "select"; options: string[]; }[]; inherit_parent_attributes: true; default_variant_strategy: "SINGLE_SKU"; created_at: string; updated_at: string; }' but required in type 'CategoryRow'.
lib/categories/__tests__/attribute-inheritance.test.ts(134,5): error TS2741: Property 'qc_receipt_policy' is missing in type '{ id: string; name: string; parent_id: string; is_active: true; attribute_templates: { key: string; label: string; type: "text"; }[]; inherit_parent_attributes: false; default_variant_strategy: "SINGLE_SKU"; created_at: string; updated_at: string; }' but required in type 'CategoryRow'.
lib/categories/__tests__/attribute-inheritance.test.ts(145,5): error TS2741: Property 'qc_receipt_policy' is missing in type '{ id: string; name: string; parent_id: string; is_active: true; attribute_templates: { key: string; label: string; type: "text"; }[]; inherit_parent_attributes: true; default_variant_strategy: "SINGLE_SKU"; created_at: string; updated_at: string; }' but required in type 'CategoryRow'.
lib/categories/__tests__/validate-delete.test.ts(9,80): error TS2741: Property 'qc_receipt_policy' is missing in type '{ id: string; name: string; parent_id: string | null; is_active: true; attribute_templates: never[]; inherit_parent_attributes: true; default_variant_strategy: "SINGLE_SKU"; created_at: string; updated_at: string; }' but required in type 'CategoryRow'.
lib/categories/queries.ts(47,5): error TS2322: Type 'string | null' is not assignable to type '"SINGLE_SKU" | "MULTI_SKU"'.
  Type 'null' is not assignable to type '"SINGLE_SKU" | "MULTI_SKU"'.
lib/categories/queries.ts(53,5): error TS2322: Type 'string | null | undefined' is not assignable to type '"SERVICE" | "PHYSICAL" | "DIGITAL" | undefined'.
  Type 'null' is not assignable to type '"SERVICE" | "PHYSICAL" | "DIGITAL" | undefined'.
lib/categories/tree.ts(201,3): error TS2322: Type '{ key: string; label: string; type: "number" | "boolean" | "url" | "email" | "phone" | "date" | "text" | "time" | "integer" | "datetime" | "textarea" | "decimal" | "currency" | "percent" | "color" | "select" | "multiselect"; required: boolean; options: string[] | undefined; role: string | undefined; }[]' is not assignable to type 'AttributeTemplateEntry[]'.
  Type '{ key: string; label: string; type: "number" | "boolean" | "url" | "email" | "phone" | "date" | "text" | "time" | "integer" | "datetime" | "textarea" | "decimal" | "currency" | "percent" | "color" | "select" | "multiselect"; required: boolean; options: string[] | undefined; role: string | undefined; }' is not assignable to type 'AttributeTemplateEntry'.
    Types of property 'role' are incompatible.
      Type 'string | undefined' is not assignable to type 'AttributeRole | undefined'.
        Type 'string' is not assignable to type 'AttributeRole | undefined'.
lib/categories/use-category-form.ts(120,11): error TS2322: Type '(CategoryRow | { id: string; name: string; parent_id: string; is_active: true; attribute_templates: never[]; inherit_parent_attributes: true; default_variant_strategy: "SINGLE_SKU" | "MULTI_SKU"; created_at: string; updated_at: string; })[]' is not assignable to type 'CategoryRow[]'.
  Type 'CategoryRow | { id: string; name: string; parent_id: string; is_active: true; attribute_templates: never[]; inherit_parent_attributes: true; default_variant_strategy: "SINGLE_SKU" | "MULTI_SKU"; created_at: string; updated_at: string; }' is not assignable to type 'CategoryRow'.
    Property 'qc_receipt_policy' is missing in type '{ id: string; name: string; parent_id: string; is_active: true; attribute_templates: never[]; inherit_parent_attributes: true; default_variant_strategy: "SINGLE_SKU" | "MULTI_SKU"; created_at: string; updated_at: string; }' but required in type 'CategoryRow'.
lib/documents/__tests__/catalog-line-values.test.ts(117,35): error TS2345: Argument of type '{ description: null; hsn_sac_code: null; base_unit_of_measure: string; image_url: string; custom_fields: {}; variant_attributes: {}; attribute_labels: {}; catalog_snapshot_source: "optimistic"; }' is not assignable to parameter of type 'PoLineCatalogContext'.
  Type '{ description: null; hsn_sac_code: null; base_unit_of_measure: string; image_url: string; custom_fields: {}; variant_attributes: {}; attribute_labels: {}; catalog_snapshot_source: "optimistic"; }' is missing the following properties from type 'PoLineCatalogContext': mrp, purchase_price, tax_code_id, tax_rate, and 5 more.
lib/documents/__tests__/catalog-line-values.test.ts(143,7): error TS2345: Argument of type '{ description: null; hsn_sac_code: null; base_unit_of_measure: string; image_url: string; custom_fields: {}; variant_attributes: {}; attribute_labels: {}; }' is not assignable to parameter of type 'PoLineCatalogContext'.
  Type '{ description: null; hsn_sac_code: null; base_unit_of_measure: string; image_url: string; custom_fields: {}; variant_attributes: {}; attribute_labels: {}; }' is missing the following properties from type 'PoLineCatalogContext': mrp, purchase_price, tax_code_id, tax_rate, and 5 more.
lib/documents/__tests__/catalog-line-values.test.ts(170,7): error TS2345: Argument of type '{ description: string; hsn_sac_code: string; base_unit_of_measure: string; image_url: null; custom_fields: { brand: string; }; variant_attributes: { Color: string; }; attribute_labels: { Color: string; }; catalog_snapshot_source: "server"; }' is not assignable to parameter of type 'PoLineCatalogContext'.
  Type '{ description: string; hsn_sac_code: string; base_unit_of_measure: string; image_url: null; custom_fields: { brand: string; }; variant_attributes: { Color: string; }; attribute_labels: { Color: string; }; catalog_snapshot_source: "server"; }' is missing the following properties from type 'PoLineCatalogContext': mrp, purchase_price, tax_code_id, tax_rate, and 5 more.
lib/documents/__tests__/line-detail-display.test.ts(16,7): error TS2739: Type '{ key: string; sku: string; variant_id: string; item_id: string; item_name: string; variant_sku: string; quantity_ordered: string; unit_price_contractual: string; skuError: null; }' is missing the following properties from type 'PoDraftLine': discount_percentage, discount_amount
lib/documents/__tests__/line-detail-display.test.ts(39,11): error TS2739: Type '{ description: null; hsn_sac_code: null; base_unit_of_measure: string; mrp: string; image_url: null; tax_code_id: null; tax_rate: number; tax_is_variable: false; default_purchase_uom: null; alternate_uoms: never[]; custom_fields: {}; variant_attributes: {}; attribute_labels: {}; }' is missing the following properties from type 'PoLineCatalogContext': purchase_price, price_is_tax_inclusive, tax_components
lib/documents/__tests__/line-detail-display.test.ts(96,7): error TS2345: Argument of type '{ description: string; hsn_sac_code: null; base_unit_of_measure: string; image_url: null; custom_fields: {}; variant_attributes: {}; attribute_labels: {}; catalog_snapshot_source: "server"; }' is not assignable to parameter of type 'PoLineCatalogContext'.
  Type '{ description: string; hsn_sac_code: null; base_unit_of_measure: string; image_url: null; custom_fields: {}; variant_attributes: {}; attribute_labels: {}; catalog_snapshot_source: "server"; }' is missing the following properties from type 'PoLineCatalogContext': mrp, purchase_price, tax_code_id, tax_rate, and 5 more.
lib/documents/catalog-line-values.ts(94,3): error TS2741: Property 'purchase_price' is missing in type '{ description: string | null; hsn_sac_code: string | null; base_unit_of_measure: string | null; mrp: string | null; image_url: string | null; tax_code_id: null; tax_rate: number; ... 8 more ...; catalog_snapshot_source: "optimistic"; }' but required in type 'PoLineCatalogContext'.
lib/documents/posting-queries.ts(6,3): error TS2322: Type '({ id: string; status: "success" | "failure" | "skipped" | "not_run"; detail: string | null; } | null)[]' is not assignable to type 'PostingStepResult[]'.
  Type '{ id: string; status: "success" | "failure" | "skipped" | "not_run"; detail: string | null; } | null' is not assignable to type 'PostingStepResult'.
    Type 'null' is not assignable to type 'PostingStepResult'.
lib/documents/posting-queries.ts(27,29): error TS2677: A type predicate's type must be assignable to its parameter's type.
  Type 'PostingStepResult' is not assignable to type '{ id: string; status: "success" | "failure" | "skipped" | "not_run"; detail: string | null; }'.
    Types of property 'detail' are incompatible.
      Type 'string | null | undefined' is not assignable to type 'string | null'.
        Type 'undefined' is not assignable to type 'string | null'.
lib/documents/purchase-order-layout.ts(692,7): error TS2345: Argument of type 'string[]' is not assignable to parameter of type 'readonly ("subtotal_ex_tax" | "tax_amount" | "grand_total" | "line_count" | "transaction_discount" | "shipping_amount" | "shipping_tax_amount" | "round_off_amount" | "additional_charges_amount")[]'.
  Type 'string' is not assignable to type '"subtotal_ex_tax" | "tax_amount" | "grand_total" | "line_count" | "transaction_discount" | "shipping_amount" | "shipping_tax_amount" | "round_off_amount" | "additional_charges_amount"'.
lib/group/queries.ts(72,20): error TS2352: Conversion of type '{ name: any; trade_name: any; organization_code: any; }[]' to type '{ name: string; trade_name: string | null; organization_code: string | null; }' may be a mistake because neither type sufficiently overlaps with the other. If this was intentional, convert the expression to 'unknown' first.
  Type '{ name: any; trade_name: any; organization_code: any; }[]' is missing the following properties from type '{ name: string; trade_name: string | null; organization_code: string | null; }': name, trade_name, organization_code
lib/inventory/stock/list-prefs.ts(103,7): error TS18048: 'parsed.prefsVersion' is possibly 'undefined'.
lib/inventory/stock/list-prefs.ts(108,7): error TS18048: 'parsed.prefsVersion' is possibly 'undefined'.
lib/inventory/stock/queries.ts(486,7): error TS2345: Argument of type 'VariantSuggestionMasterRow[] | undefined' is not assignable to parameter of type 'MasterLookupVariant[] | undefined'.
  Type 'VariantSuggestionMasterRow[]' is not assignable to type 'MasterLookupVariant[]'.
    Type 'VariantSuggestionMasterRow' is not assignable to type 'MasterLookupVariant'.
      Types of property 'is_master' are incompatible.
        Type 'boolean | null' is not assignable to type 'boolean | undefined'.
          Type 'null' is not assignable to type 'boolean | undefined'.
lib/inventory/transfers/list-columns.ts(23,7): error TS2322: Type '{ value: string; label: string; }[]' is not assignable to type '{ value: StockTransferStatus; label: string; }[]'.
  Type '{ value: string; label: string; }' is not assignable to type '{ value: StockTransferStatus; label: string; }'.
    Types of property 'value' are incompatible.
      Type 'string' is not assignable to type 'StockTransferStatus'.
lib/inventory/transfers/list-columns.ts(31,35): error TS2345: Argument of type 'string' is not assignable to parameter of type 'StockTransferStatus'.
lib/inventory/transfers/list-prefs.ts(68,7): error TS18048: 'parsed.prefsVersion' is possibly 'undefined'.
lib/inventory/transfers/queries.ts(220,35): error TS2339: Property 'items' does not exist on type '{ id: string; }'.
lib/inventory/transfers/queries.ts(221,38): error TS2339: Property 'item_variants' does not exist on type '{ id: string; }'.
lib/inventory/transfers/queries.ts(224,21): error TS2339: Property 'item_id' does not exist on type '{ id: string; }'.
lib/inventory/transfers/queries.ts(226,24): error TS2339: Property 'variant_id' does not exist on type '{ id: string; }'.
lib/inventory/transfers/queries.ts(228,47): error TS2339: Property 'quantity_dispatched' does not exist on type '{ id: string; }'.
lib/inventory/transfers/queries.ts(229,45): error TS2339: Property 'quantity_accepted' does not exist on type '{ id: string; }'.
lib/inventory/transfers/queries.ts(230,44): error TS2339: Property 'quantity_damaged' does not exist on type '{ id: string; }'.
lib/inventory/transfers/queries.ts(231,41): error TS2339: Property 'quantity_lost' does not exist on type '{ id: string; }'.
lib/inventory/transfers/queries.ts(232,56): error TS2339: Property 'source_unit_cost_at_dispatch' does not exist on type '{ id: string; }'.
lib/locations/list-prefs.ts(6,15): error TS2300: Duplicate identifier 'LocationListColumnId'.
lib/locations/list-prefs.ts(9,8): error TS2300: Duplicate identifier 'LocationListColumnId'.
lib/locations/topology.ts(4,9): error TS2322: Type '{ id: string; parent_location_id: string | null; name: string; code: string; presence_type: "PHYSICAL" | "VIRTUAL"; is_administrative_office: boolean; is_commercial_storefront: boolean; ... 16 more ...; child_count: number; }[]' is not assignable to type 'LocationTopologyRow[]'.
  Type '{ id: string; parent_location_id: string | null; name: string; code: string; presence_type: "PHYSICAL" | "VIRTUAL"; is_administrative_office: boolean; is_commercial_storefront: boolean; ... 16 more ...; child_count: number; }' is missing the following properties from type 'LocationTopologyRow': is_git_holding, is_subcontract_wip
lib/organization/types.ts(190,5): error TS2322: Type 'unknown' is not assignable to type '"GTIN_THEN_SKU" | "GTIN" | "SKU"'.
lib/procurement/__tests__/bill-list-sort.test.ts(13,5): error TS2322: Type '"REGISTERED"' is not assignable to type '"REGULAR_B2B" | "COMPOSITION" | "UNREGISTERED_B2C" | "SEZ_DEVELOPER" | "OVERSEAS_EXPORT" | "DEEMED_EXPORT"'.
lib/procurement/__tests__/bill-list-sort.test.ts(14,5): error TS2322: Type '"GOODS"' is not assignable to type 'GstSupplyNature | null'.
lib/procurement/__tests__/bill-three-way-match.test.ts(339,55): error TS2345: Argument of type '{ id: string; voucher_number: string; destination_location_id: string; destination_location_name: string; destination_location_code: string; purchase_order_id: string; purchase_order_number: string; ... 4 more ...; lines: { ...; }[]; }[]' is not assignable to parameter of type 'readonly GoodsReceiptRow[]'.
  Type '{ id: string; voucher_number: string; destination_location_id: string; destination_location_name: string; destination_location_code: string; purchase_order_id: string; purchase_order_number: string; ... 4 more ...; lines: { ...; }[]; }' is missing the following properties from type 'GoodsReceiptRow': bill_of_entry_number, bill_of_entry_date, port_code, exchange_rate, and 3 more.
lib/procurement/__tests__/bill-three-way-match.test.ts(347,57): error TS2345: Argument of type '{ id: string; voucher_number: string; destination_location_id: string; destination_location_name: string; destination_location_code: string; purchase_order_id: string; purchase_order_number: string; ... 4 more ...; lines: { ...; }[]; }[]' is not assignable to parameter of type 'readonly GoodsReceiptRow[]'.
  Type '{ id: string; voucher_number: string; destination_location_id: string; destination_location_name: string; destination_location_code: string; purchase_order_id: string; purchase_order_number: string; ... 4 more ...; lines: { ...; }[]; }' is missing the following properties from type 'GoodsReceiptRow': bill_of_entry_number, bill_of_entry_date, port_code, exchange_rate, and 3 more.
lib/procurement/__tests__/bill-three-way-match.test.ts(431,55): error TS2345: Argument of type '{ id: string; voucher_number: string; destination_location_id: string; destination_location_name: string; destination_location_code: string; purchase_order_id: string; purchase_order_number: string; ... 4 more ...; lines: { ...; }[]; }[]' is not assignable to parameter of type 'readonly GoodsReceiptRow[]'.
  Type '{ id: string; voucher_number: string; destination_location_id: string; destination_location_name: string; destination_location_code: string; purchase_order_id: string; purchase_order_number: string; ... 4 more ...; lines: { ...; }[]; }' is missing the following properties from type 'GoodsReceiptRow': bill_of_entry_number, bill_of_entry_date, port_code, exchange_rate, and 3 more.
lib/procurement/__tests__/po-catalog-writeback.test.ts(14,5): error TS2783: 'key' is specified more than once, so this usage will be overwritten.
lib/procurement/__tests__/po-catalog-writeback.test.ts(63,9): error TS2739: Type '{ catalog_mrp: string; catalog_purchase_price: string; catalog_supplier_price: string; catalog_purchase_uom: string; }' is missing the following properties from type 'PoLineWritebackSnapshot': catalog_hsn_sac_code, catalog_tax_code_id, catalog_tax_rate
lib/procurement/__tests__/po-catalog-writeback.test.ts(89,9): error TS2739: Type '{ catalog_mrp: string; catalog_purchase_price: string; catalog_supplier_price: string; catalog_purchase_uom: string; }' is missing the following properties from type 'PoLineWritebackSnapshot': catalog_hsn_sac_code, catalog_tax_code_id, catalog_tax_rate
lib/procurement/__tests__/po-catalog-writeback.test.ts(114,9): error TS2739: Type '{ catalog_mrp: string; catalog_purchase_price: string; catalog_supplier_price: string; catalog_purchase_uom: string; }' is missing the following properties from type 'PoLineWritebackSnapshot': catalog_hsn_sac_code, catalog_tax_code_id, catalog_tax_rate
lib/procurement/__tests__/po-catalog-writeback.test.ts(137,9): error TS2739: Type '{ catalog_mrp: null; catalog_purchase_price: string; catalog_supplier_price: string; catalog_purchase_uom: string; }' is missing the following properties from type 'PoLineWritebackSnapshot': catalog_hsn_sac_code, catalog_tax_code_id, catalog_tax_rate
lib/procurement/__tests__/po-catalog-writeback.test.ts(163,9): error TS2739: Type '{ catalog_mrp: null; catalog_purchase_price: string; catalog_supplier_price: string; catalog_purchase_uom: string; }' is missing the following properties from type 'PoLineWritebackSnapshot': catalog_hsn_sac_code, catalog_tax_code_id, catalog_tax_rate
lib/procurement/__tests__/po-catalog-writeback.test.ts(251,9): error TS2739: Type '{ catalog_mrp: string; catalog_purchase_price: string; catalog_supplier_price: string; catalog_purchase_uom: string; }' is missing the following properties from type 'PoLineWritebackSnapshot': catalog_hsn_sac_code, catalog_tax_code_id, catalog_tax_rate
lib/procurement/__tests__/po-draft-form.test.ts(261,40): error TS2345: Argument of type '{ id: string; voucher_number: string; destination_location_id: string; destination_location_name: string; destination_location_code: string; supplier_id: string; supplier_name: string; ... 27 more ...; lines: { ...; }[]; }' is not assignable to parameter of type 'PurchaseOrderRow'.
  Type '{ id: string; voucher_number: string; destination_location_id: string; destination_location_name: string; destination_location_code: string; supplier_id: string; supplier_name: string; ... 27 more ...; lines: { ...; }[]; }' is missing the following properties from type 'PurchaseOrderRow': transaction_discount_percentage, transaction_discount_amount, transaction_discount_type
lib/procurement/__tests__/po-draft-form.test.ts(354,40): error TS2345: Argument of type '{ id: string; voucher_number: string; destination_location_id: string; destination_location_name: string; destination_location_code: string; supplier_id: string; supplier_name: string; ... 27 more ...; lines: ({ ...; } | { ...; })[]; }' is not assignable to parameter of type 'PurchaseOrderRow'.
  Type '{ id: string; voucher_number: string; destination_location_id: string; destination_location_name: string; destination_location_code: string; supplier_id: string; supplier_name: string; ... 27 more ...; lines: ({ ...; } | { ...; })[]; }' is missing the following properties from type 'PurchaseOrderRow': transaction_discount_percentage, transaction_discount_amount, transaction_discount_type
lib/procurement/__tests__/po-draft-form.test.ts(400,43): error TS2345: Argument of type '{ id: string; voucher_number: string; destination_location_id: string; destination_location_name: string; destination_location_code: string; supplier_id: string; supplier_name: string; ... 27 more ...; lines: { ...; }[]; }' is not assignable to parameter of type 'PurchaseOrderRow'.
  Type '{ id: string; voucher_number: string; destination_location_id: string; destination_location_name: string; destination_location_code: string; supplier_id: string; supplier_name: string; ... 27 more ...; lines: { ...; }[]; }' is missing the following properties from type 'PurchaseOrderRow': transaction_discount_percentage, transaction_discount_amount, transaction_discount_type
lib/procurement/__tests__/po-gst-compliance.test.ts(15,5): error TS2783: 'key' is specified more than once, so this usage will be overwritten.
lib/procurement/__tests__/po-gst-compliance.test.ts(26,5): error TS2739: Type '{ description: null; hsn_sac_code: null; base_unit_of_measure: string; mrp: null; purchase_price: null; image_url: null; tax_code_id: null; tax_rate: number; tax_is_variable: false; default_purchase_uom: null; alternate_uoms: never[]; custom_fields: {}; variant_attributes: {}; attribute_labels: {}; }' is missing the following properties from type 'PoLineCatalogContext': price_is_tax_inclusive, tax_components
lib/procurement/__tests__/po-line-mrp-markdown.test.ts(39,5): error TS2741: Property 'purchase_price' is missing in type '{ description: null; hsn_sac_code: null; base_unit_of_measure: string; mrp: string; image_url: null; tax_code_id: null; tax_rate: number; tax_is_variable: false; price_is_tax_inclusive: false; ... 5 more ...; attribute_labels: {}; }' but required in type 'PoLineCatalogContext'.
lib/procurement/__tests__/po-line-tax.test.ts(95,60): error TS2345: Argument of type 'readonly [{ readonly id: "tax-12"; readonly code: "GST12"; readonly name: "GST 12%"; readonly rate: 12; readonly kind: "GST"; readonly is_variable: false; readonly components: readonly [{ readonly name: "CGST"; readonly rate: 6; readonly sort_order: 0; }, { ...; }]; }]' is not assignable to parameter of type 'readonly PoLineTaxCodeOption[]'.
  Type '{ readonly id: "tax-12"; readonly code: "GST12"; readonly name: "GST 12%"; readonly rate: 12; readonly kind: "GST"; readonly is_variable: false; readonly components: readonly [{ readonly name: "CGST"; readonly rate: 6; readonly sort_order: 0; }, { ...; }]; }' is not assignable to type 'PoLineTaxCodeOption'.
    Type '{ readonly id: "tax-12"; readonly code: "GST12"; readonly name: "GST 12%"; readonly rate: 12; readonly kind: "GST"; readonly is_variable: false; readonly components: readonly [{ readonly name: "CGST"; readonly rate: 6; readonly sort_order: 0; }, { ...; }]; }' is not assignable to type '{ components: TaxComponentRow[]; }'.
      Types of property 'components' are incompatible.
        The type 'readonly [{ readonly name: "CGST"; readonly rate: 6; readonly sort_order: 0; }, { readonly name: "SGST"; readonly rate: 6; readonly sort_order: 1; }]' is 'readonly' and cannot be assigned to the mutable type 'TaxComponentRow[]'.
lib/procurement/__tests__/po-line-unit.test.ts(24,3): error TS2739: Type '{ description: null; hsn_sac_code: null; base_unit_of_measure: string; image_url: null; tax_code_id: null; tax_rate: number; tax_is_variable: false; default_purchase_uom: null; alternate_uoms: never[]; custom_fields: {}; variant_attributes: {}; attribute_labels: {}; catalog_snapshot_source: "server"; }' is missing the following properties from type 'PoLineCatalogContext': mrp, purchase_price, price_is_tax_inclusive, tax_components
lib/procurement/__tests__/po-line-uom-options.test.ts(82,7): error TS2739: Type '{ description: null; hsn_sac_code: null; base_unit_of_measure: string; image_url: null; tax_code_id: null; tax_rate: number; tax_is_variable: false; default_purchase_uom: null; alternate_uoms: { ...; }[]; custom_fields: {}; variant_attributes: {}; attribute_labels: {}; }' is missing the following properties from type 'PoLineCatalogContext': mrp, purchase_price, price_is_tax_inclusive, tax_components
lib/procurement/__tests__/po-line-uom-options.test.ts(104,7): error TS2739: Type '{ description: null; hsn_sac_code: null; base_unit_of_measure: string; image_url: null; tax_code_id: null; tax_rate: number; tax_is_variable: false; default_purchase_uom: string; alternate_uoms: { ...; }[]; custom_fields: {}; variant_attributes: {}; attribute_labels: {}; }' is missing the following properties from type 'PoLineCatalogContext': mrp, purchase_price, price_is_tax_inclusive, tax_components
lib/procurement/__tests__/po-line-uom-options.test.ts(126,7): error TS2739: Type '{ description: null; hsn_sac_code: null; base_unit_of_measure: string; image_url: null; tax_code_id: null; tax_rate: number; tax_is_variable: false; default_purchase_uom: string; alternate_uoms: never[]; custom_fields: {}; variant_attributes: {}; attribute_labels: {}; }' is missing the following properties from type 'PoLineCatalogContext': mrp, purchase_price, price_is_tax_inclusive, tax_components
lib/procurement/__tests__/po-line-uom-options.test.ts(148,7): error TS2739: Type '{ description: null; hsn_sac_code: null; base_unit_of_measure: string; image_url: null; tax_code_id: null; tax_rate: number; tax_is_variable: false; default_purchase_uom: string; alternate_uoms: { ...; }[]; custom_fields: {}; variant_attributes: {}; attribute_labels: {}; }' is missing the following properties from type 'PoLineCatalogContext': mrp, purchase_price, price_is_tax_inclusive, tax_components
lib/procurement/__tests__/po-line-uom-options.test.ts(171,3): error TS2322: Type '{ description: string | null; hsn_sac_code: string | null; base_unit_of_measure: string | null; mrp?: string | null | undefined; purchase_price?: string | null | undefined; image_url: string | null; ... 10 more ...; catalog_snapshot_source?: "optimistic" | "server" | undefined; }' is not assignable to type 'PoLineCatalogContext'.
  Types of property 'mrp' are incompatible.
    Type 'string | null | undefined' is not assignable to type 'string | null'.
      Type 'undefined' is not assignable to type 'string | null'.
lib/procurement/__tests__/po-peek-promo.test.ts(6,41): error TS2345: Argument of type '"ISSUED"' is not assignable to parameter of type 'PurchaseOrderStatus | undefined'.
lib/procurement/__tests__/po-peek-promo.test.ts(7,41): error TS2345: Argument of type '"PARTIALLY_RECEIVED"' is not assignable to parameter of type 'PurchaseOrderStatus | undefined'.
lib/procurement/__tests__/po-promo.test.ts(10,5): error TS2783: 'key' is specified more than once, so this usage will be overwritten.
lib/procurement/__tests__/po-totals.test.ts(91,11): error TS2740: Type '{ description: null; hsn_sac_code: null; base_unit_of_measure: string; image_url: null; tax_code_id: string; tax_rate: number; tax_is_variable: false; custom_fields: {}; variant_attributes: {}; attribute_labels: {}; catalog_snapshot_source: "server"; }' is missing the following properties from type 'PoLineCatalogContext': mrp, purchase_price, price_is_tax_inclusive, tax_components, and 2 more.
lib/procurement/__tests__/po-totals.test.ts(133,52): error TS2322: Type '{ quantity_ordered: string; unit_price_contractual: string; catalog_context: { description: null; hsn_sac_code: null; base_unit_of_measure: string; image_url: null; tax_code_id: string; tax_rate: number; ... 4 more ...; catalog_snapshot_source: "server"; }; }' is not assignable to type 'PoLineTotalsInput'.
  Types of property 'catalog_context' are incompatible.
    Type '{ description: null; hsn_sac_code: null; base_unit_of_measure: string; image_url: null; tax_code_id: string; tax_rate: number; tax_is_variable: boolean; custom_fields: {}; variant_attributes: {}; attribute_labels: {}; catalog_snapshot_source: "server"; }' is missing the following properties from type 'PoLineCatalogContext': mrp, purchase_price, price_is_tax_inclusive, tax_components, and 2 more.
lib/procurement/bills/list-prefs.ts(78,7): error TS18048: 'parsed.prefsVersion' is possibly 'undefined'.
lib/procurement/goods-receipts/list-prefs.ts(67,7): error TS18048: 'parsed.prefsVersion' is possibly 'undefined'.
lib/procurement/goods-receipts/queries.ts(180,57): error TS2345: Argument of type '(from: number, to: number) => Promise<PostgrestSingleResponse<{ id: any; voucher_number: any; destination_location_id: any; purchase_order_id: any; is_qc_pending: any; received_at: any; created_at: any; bill_of_entry_number: any; ... 7 more ...; purchase_order: { ...; }[]; }[]>>' is not assignable to parameter of type '(from: number, to: number) => Promise<PageResult<GrnListDbRow>>'.
  Type 'Promise<PostgrestSingleResponse<{ id: any; voucher_number: any; destination_location_id: any; purchase_order_id: any; is_qc_pending: any; received_at: any; created_at: any; bill_of_entry_number: any; bill_of_entry_date: any; ... 6 more ...; purchase_order: { ...; }[]; }[]>>' is not assignable to type 'Promise<PageResult<GrnListDbRow>>'.
    Type 'PostgrestSingleResponse<{ id: any; voucher_number: any; destination_location_id: any; purchase_order_id: any; is_qc_pending: any; received_at: any; created_at: any; bill_of_entry_number: any; bill_of_entry_date: any; ... 6 more ...; purchase_order: { ...; }[]; }[]>' is not assignable to type 'PageResult<GrnListDbRow>'.
      Type 'PostgrestResponseSuccess<{ id: any; voucher_number: any; destination_location_id: any; purchase_order_id: any; is_qc_pending: any; received_at: any; created_at: any; bill_of_entry_number: any; bill_of_entry_date: any; ... 6 more ...; purchase_order: { ...; }[]; }[]>' is not assignable to type 'PageResult<GrnListDbRow>'.
        Types of property 'data' are incompatible.
          Type '{ id: any; voucher_number: any; destination_location_id: any; purchase_order_id: any; is_qc_pending: any; received_at: any; created_at: any; bill_of_entry_number: any; bill_of_entry_date: any; ... 6 more ...; purchase_order: { ...; }[]; }[]' is not assignable to type 'GrnListDbRow[]'.
            Property 'grn_lines' is missing in type '{ id: any; voucher_number: any; destination_location_id: any; purchase_order_id: any; is_qc_pending: any; received_at: any; created_at: any; bill_of_entry_number: any; bill_of_entry_date: any; ... 6 more ...; purchase_order: { ...; }[]; }' but required in type 'GrnListDbRow'.
lib/procurement/purchase-orders/list-prefs.ts(70,7): error TS18048: 'parsed.prefsVersion' is possibly 'undefined'.
lib/procurement/purchase-orders/po-line-discount.ts(8,8): error TS2459: Module '"@/lib/documents/purchase-order-layout"' declares 'DocumentLayoutDefaults' locally, but it is not exported.
lib/procurement/purchase-orders/po-line-tax.ts(8,8): error TS2459: Module '"@/lib/documents/purchase-order-layout"' declares 'DocumentLayoutDefaults' locally, but it is not exported.
lib/procurement/purchase-orders/po-line-unit.ts(11,8): error TS2459: Module '"@/lib/documents/purchase-order-layout"' declares 'DocumentLayoutDefaults' locally, but it is not exported.
lib/procurement/purchase-orders/queries.ts(452,25): error TS2339: Property 'legal_name' does not exist on type 'NonNullable<SupplierEmbed>'.
  Property 'legal_name' does not exist on type '{ name: string; legal_name?: string | null | undefined; billing_address_line1?: string | null | undefined; billing_address_line2?: string | null | undefined; billing_city?: string | null | undefined; billing_state?: string | ... 1 more ... | undefined; billing_zip_postal?: string | ... 1 more ... | undefined; billin...'.
lib/procurement/purchase-orders/queries.ts(452,56): error TS2339: Property 'name' does not exist on type 'NonNullable<SupplierEmbed>'.
  Property 'name' does not exist on type '{ name: string; legal_name?: string | null | undefined; billing_address_line1?: string | null | undefined; billing_address_line2?: string | null | undefined; billing_city?: string | null | undefined; billing_state?: string | ... 1 more ... | undefined; billing_zip_postal?: string | ... 1 more ... | undefined; billin...'.
lib/procurement/purchase-orders/queries.ts(455,29): error TS2339: Property 'billing_address_line1' does not exist on type 'NonNullable<SupplierEmbed>'.
  Property 'billing_address_line1' does not exist on type '{ name: string; legal_name?: string | null | undefined; billing_address_line1?: string | null | undefined; billing_address_line2?: string | null | undefined; billing_city?: string | null | undefined; billing_state?: string | ... 1 more ... | undefined; billing_zip_postal?: string | ... 1 more ... | undefined; billin...'.
lib/procurement/purchase-orders/queries.ts(456,29): error TS2339: Property 'billing_address_line2' does not exist on type 'NonNullable<SupplierEmbed>'.
  Property 'billing_address_line2' does not exist on type '{ name: string; legal_name?: string | null | undefined; billing_address_line1?: string | null | undefined; billing_address_line2?: string | null | undefined; billing_city?: string | null | undefined; billing_state?: string | ... 1 more ... | undefined; billing_zip_postal?: string | ... 1 more ... | undefined; billin...'.
lib/procurement/purchase-orders/queries.ts(457,20): error TS2339: Property 'billing_city' does not exist on type 'NonNullable<SupplierEmbed>'.
  Property 'billing_city' does not exist on type '{ name: string; legal_name?: string | null | undefined; billing_address_line1?: string | null | undefined; billing_address_line2?: string | null | undefined; billing_city?: string | null | undefined; billing_state?: string | ... 1 more ... | undefined; billing_zip_postal?: string | ... 1 more ... | undefined; billin...'.
lib/procurement/purchase-orders/queries.ts(458,21): error TS2339: Property 'billing_state' does not exist on type 'NonNullable<SupplierEmbed>'.
  Property 'billing_state' does not exist on type '{ name: string; legal_name?: string | null | undefined; billing_address_line1?: string | null | undefined; billing_address_line2?: string | null | undefined; billing_city?: string | null | undefined; billing_state?: string | ... 1 more ... | undefined; billing_zip_postal?: string | ... 1 more ... | undefined; billin...'.
lib/procurement/purchase-orders/queries.ts(459,26): error TS2339: Property 'billing_zip_postal' does not exist on type 'NonNullable<SupplierEmbed>'.
  Property 'billing_zip_postal' does not exist on type '{ name: string; legal_name?: string | null | undefined; billing_address_line1?: string | null | undefined; billing_address_line2?: string | null | undefined; billing_city?: string | null | undefined; billing_state?: string | ... 1 more ... | undefined; billing_zip_postal?: string | ... 1 more ... | undefined; billin...'.
lib/procurement/purchase-orders/queries.ts(460,28): error TS2339: Property 'billing_country_code' does not exist on type 'NonNullable<SupplierEmbed>'.
  Property 'billing_country_code' does not exist on type '{ name: string; legal_name?: string | null | undefined; billing_address_line1?: string | null | undefined; billing_address_line2?: string | null | undefined; billing_city?: string | null | undefined; billing_state?: string | ... 1 more ... | undefined; billing_zip_postal?: string | ... 1 more ... | undefined; billin...'.
lib/procurement/purchase-orders/queries.ts(461,30): error TS2339: Property 'tax_registration_number' does not exist on type 'NonNullable<SupplierEmbed>'.
  Property 'tax_registration_number' does not exist on type '{ name: string; legal_name?: string | null | undefined; billing_address_line1?: string | null | undefined; billing_address_line2?: string | null | undefined; billing_city?: string | null | undefined; billing_state?: string | ... 1 more ... | undefined; billing_zip_postal?: string | ... 1 more ... | undefined; billin...'.
lib/procurement/purchase-orders/queries.ts(486,17): error TS2339: Property 'tax_registered_name' does not exist on type 'NonNullable<LocationEmbed>'.
  Property 'tax_registered_name' does not exist on type '{ name: string; code: string; address_line1?: string | null | undefined; address_line2?: string | null | undefined; city?: string | null | undefined; state?: string | null | undefined; zip_postal?: string | ... 1 more ... | undefined; country_code?: string | ... 1 more ... | undefined; location_tax_identifier?: stri...'.
lib/procurement/purchase-orders/queries.ts(487,17): error TS2339: Property 'name' does not exist on type 'NonNullable<LocationEmbed>'.
  Property 'name' does not exist on type '{ name: string; code: string; address_line1?: string | null | undefined; address_line2?: string | null | undefined; city?: string | null | undefined; state?: string | null | undefined; zip_postal?: string | ... 1 more ... | undefined; country_code?: string | ... 1 more ... | undefined; location_tax_identifier?: stri...'.
lib/procurement/purchase-orders/queries.ts(492,32): error TS2339: Property 'address_line1' does not exist on type 'NonNullable<LocationEmbed>'.
  Property 'address_line1' does not exist on type '{ name: string; code: string; address_line1?: string | null | undefined; address_line2?: string | null | undefined; city?: string | null | undefined; state?: string | null | undefined; zip_postal?: string | ... 1 more ... | undefined; country_code?: string | ... 1 more ... | undefined; location_tax_identifier?: stri...'.
lib/procurement/purchase-orders/queries.ts(493,32): error TS2339: Property 'address_line2' does not exist on type 'NonNullable<LocationEmbed>'.
  Property 'address_line2' does not exist on type '{ name: string; code: string; address_line1?: string | null | undefined; address_line2?: string | null | undefined; city?: string | null | undefined; state?: string | null | undefined; zip_postal?: string | ... 1 more ... | undefined; country_code?: string | ... 1 more ... | undefined; location_tax_identifier?: stri...'.
lib/procurement/purchase-orders/queries.ts(494,23): error TS2339: Property 'city' does not exist on type 'NonNullable<LocationEmbed>'.
  Property 'city' does not exist on type '{ name: string; code: string; address_line1?: string | null | undefined; address_line2?: string | null | undefined; city?: string | null | undefined; state?: string | null | undefined; zip_postal?: string | ... 1 more ... | undefined; country_code?: string | ... 1 more ... | undefined; location_tax_identifier?: stri...'.
lib/procurement/purchase-orders/queries.ts(495,24): error TS2339: Property 'state' does not exist on type 'NonNullable<LocationEmbed>'.
  Property 'state' does not exist on type '{ name: string; code: string; address_line1?: string | null | undefined; address_line2?: string | null | undefined; city?: string | null | undefined; state?: string | null | undefined; zip_postal?: string | ... 1 more ... | undefined; country_code?: string | ... 1 more ... | undefined; location_tax_identifier?: stri...'.
lib/procurement/purchase-orders/queries.ts(496,29): error TS2339: Property 'zip_postal' does not exist on type 'NonNullable<LocationEmbed>'.
  Property 'zip_postal' does not exist on type '{ name: string; code: string; address_line1?: string | null | undefined; address_line2?: string | null | undefined; city?: string | null | undefined; state?: string | null | undefined; zip_postal?: string | ... 1 more ... | undefined; country_code?: string | ... 1 more ... | undefined; location_tax_identifier?: stri...'.
lib/procurement/purchase-orders/queries.ts(497,31): error TS2339: Property 'country_code' does not exist on type 'NonNullable<LocationEmbed>'.
  Property 'country_code' does not exist on type '{ name: string; code: string; address_line1?: string | null | undefined; address_line2?: string | null | undefined; city?: string | null | undefined; state?: string | null | undefined; zip_postal?: string | ... 1 more ... | undefined; country_code?: string | ... 1 more ... | undefined; location_tax_identifier?: stri...'.
lib/procurement/purchase-orders/queries.ts(498,33): error TS2339: Property 'location_tax_identifier' does not exist on type 'NonNullable<LocationEmbed>'.
  Property 'location_tax_identifier' does not exist on type '{ name: string; code: string; address_line1?: string | null | undefined; address_line2?: string | null | undefined; city?: string | null | undefined; state?: string | null | undefined; zip_postal?: string | ... 1 more ... | undefined; country_code?: string | ... 1 more ... | undefined; location_tax_identifier?: stri...'.
lib/procurement/purchase-orders/queries.ts(618,5): error TS2345: Argument of type '(shape: PoSelectShape) => PostgrestFilterBuilder<any, any, any, GenericStringError[], "purchase_orders", unknown, "GET">' is not assignable to parameter of type '(shape: PoSelectShape) => PromiseLike<{ data: PoListDbRow[] | null; error: { message: string; } | null; }>'.
  Call signature return types 'PostgrestFilterBuilder<any, any, any, GenericStringError[], "purchase_orders", unknown, "GET">' and 'PromiseLike<{ data: PoListDbRow[] | null; error: { message: string; } | null; }>' are incompatible.
    The types of 'then' are incompatible between these types.
      Type '<TResult1 = PostgrestSingleResponse<GenericStringError[]>, TResult2 = never>(onfulfilled?: ((value: PostgrestSingleResponse<GenericStringError[]>) => TResult1 | PromiseLike<...>) | null | undefined, onrejected?: ((reason: any) => TResult2 | PromiseLike<...>) | ... 1 more ... | undefined) => PromiseLike<...>' is not assignable to type '<TResult1 = { data: PoListDbRow[] | null; error: { message: string; } | null; }, TResult2 = never>(onfulfilled?: ((value: { data: PoListDbRow[] | null; error: { message: string; } | null; }) => TResult1 | PromiseLike<...>) | null | undefined, onrejected?: ((reason: any) => TResult2 | PromiseLike<...>) | ... 1 more ....'.
        Types of parameters 'onfulfilled' and 'onfulfilled' are incompatible.
          Types of parameters 'value' and 'value' are incompatible.
            Type 'PostgrestSingleResponse<GenericStringError[]>' is not assignable to type '{ data: PoListDbRow[] | null; error: { message: string; } | null; }'.
              Type 'PostgrestResponseSuccess<GenericStringError[]>' is not assignable to type '{ data: PoListDbRow[] | null; error: { message: string; } | null; }'.
                Types of property 'data' are incompatible.
                  Type 'GenericStringError[]' is not assignable to type 'PoListDbRow[]'.
                    Type '{ error: true; } & String' is missing the following properties from type 'PoListDbRow': id, voucher_number, destination_location_id, supplier_id, and 13 more.
lib/procurement/purchase-orders/queries.ts(684,5): error TS2741: Property 'includeHeaderCharges' is missing in type '{ includeAddresses: false; includeLineIds: true; includeTaxColumns: true; }' but required in type 'PoSelectShape'.
lib/procurement/purchase-orders/queries.ts(685,5): error TS2741: Property 'includeHeaderCharges' is missing in type '{ includeAddresses: false; includeLineIds: true; includeTaxColumns: false; }' but required in type 'PoSelectShape'.
lib/procurement/purchase-orders/queries.ts(690,5): error TS2345: Argument of type '(shape: PoSelectShape) => PostgrestFilterBuilder<any, any, any, GenericStringError[], "purchase_orders", unknown, "GET">' is not assignable to parameter of type '(shape: PoSelectShape) => PromiseLike<{ data: ReceivablePoDbRow[] | null; error: { message: string; } | null; }>'.
  Call signature return types 'PostgrestFilterBuilder<any, any, any, GenericStringError[], "purchase_orders", unknown, "GET">' and 'PromiseLike<{ data: ReceivablePoDbRow[] | null; error: { message: string; } | null; }>' are incompatible.
    The types of 'then' are incompatible between these types.
      Type '<TResult1 = PostgrestSingleResponse<GenericStringError[]>, TResult2 = never>(onfulfilled?: ((value: PostgrestSingleResponse<GenericStringError[]>) => TResult1 | PromiseLike<...>) | null | undefined, onrejected?: ((reason: any) => TResult2 | PromiseLike<...>) | ... 1 more ... | undefined) => PromiseLike<...>' is not assignable to type '<TResult1 = { data: ReceivablePoDbRow[] | null; error: { message: string; } | null; }, TResult2 = never>(onfulfilled?: ((value: { data: ReceivablePoDbRow[] | null; error: { message: string; } | null; }) => TResult1 | PromiseLike<...>) | null | undefined, onrejected?: ((reason: any) => TResult2 | PromiseLike<...>) | ...'.
        Types of parameters 'onfulfilled' and 'onfulfilled' are incompatible.
          Types of parameters 'value' and 'value' are incompatible.
            Type 'PostgrestSingleResponse<GenericStringError[]>' is not assignable to type '{ data: ReceivablePoDbRow[] | null; error: { message: string; } | null; }'.
              Type 'PostgrestResponseSuccess<GenericStringError[]>' is not assignable to type '{ data: ReceivablePoDbRow[] | null; error: { message: string; } | null; }'.
                Types of property 'data' are incompatible.
                  Type 'GenericStringError[]' is not assignable to type 'ReceivablePoDbRow[]'.
                    Type '{ error: true; } & String' is missing the following properties from type 'ReceivablePoDbRow': id, voucher_number, destination_location_id, destination_location, supplier
lib/procurement/purchase-orders/queries.ts(745,5): error TS2345: Argument of type '(shape: PoSelectShape) => PostgrestFilterBuilder<any, any, any, ParserError<`Unable to parse renamed field at \`po_lines:purchase_order_items!purchase_order_items_po_tenant_fk (
            id,
            item_id,
            variant_id,
            uom_code,
            uom_conversion_factor,
            quantity_...' is not assignable to parameter of type '(shape: PoSelectShape) => PromiseLike<{ data: ReceivablePoDbRow[] | null; error: { message: string; } | null; }>'.
  Call signature return types 'PostgrestFilterBuilder<any, any, any, ParserError<`Unable to parse renamed field at \`po_lines:purchase_order_items!purchase_order_items_po_tenant_fk (
            id,
            item_id,
            variant_id,
            uom_code,
            uom_conversion_factor,
            quantity_ordered,
            quant...' and 'PromiseLike<{ data: ReceivablePoDbRow[] | null; error: { message: string; } | null; }>' are incompatible.
    The types of 'then' are incompatible between these types.
      Type '<TResult1 = PostgrestSingleResponse<ParserError<`Unable to parse renamed field at \`po_lines:purchase_order_items!purchase_order_items_po_tenant_fk (
            id,
            item_id,
            variant_id,
            uom_code,
            uom_conversion_factor,
            quantity_ordered,
            quantit...' is not assignable to type '<TResult1 = { data: ReceivablePoDbRow[] | null; error: { message: string; } | null; }, TResult2 = never>(onfulfilled?: ((value: { data: ReceivablePoDbRow[] | null; error: { message: string; } | null; }) => TResult1 | PromiseLike<...>) | null | undefined, onrejected?: ((reason: any) => TResult2 | PromiseLike<...>) | ...'.
        Types of parameters 'onfulfilled' and 'onfulfilled' are incompatible.
          Types of parameters 'value' and 'value' are incompatible.
            Type 'PostgrestSingleResponse<ParserError<`Unable to parse renamed field at \`po_lines:purchase_order_items!purchase_order_items_po_tenant_fk (
            id,
            item_id,
            variant_id,
            uom_code,
            uom_conversion_factor,
            quantity_ordered,
            quantity_received,
...' is not assignable to type '{ data: ReceivablePoDbRow[] | null; error: { message: string; } | null; }'.
              Type 'PostgrestResponseSuccess<ParserError<`Unable to parse renamed field at \`po_lines:purchase_order_items!purchase_order_items_po_tenant_fk (
            id,
            item_id,
            variant_id,
            uom_code,
            uom_conversion_factor,
            quantity_ordered,
            quantity_received,...' is not assignable to type '{ data: ReceivablePoDbRow[] | null; error: { message: string; } | null; }'.
                Types of property 'data' are incompatible.
                  Type 'ParserError<`Unable to parse renamed field at \`po_lines:purchase_order_items!purchase_order_items_po_tenant_fk (
            id,
            item_id,
            variant_id,
            uom_code,
            uom_conversion_factor,
            quantity_ordered,
            quantity_received,
            quantity_inv...' is not assignable to type 'ReceivablePoDbRow[]'.
                    Type '{ error: true; } & String' is missing the following properties from type 'ReceivablePoDbRow': id, voucher_number, destination_location_id, destination_location, supplier
lib/procurement/purchase-orders/supplier-item-insights.ts(306,73): error TS2345: Argument of type '{ id: string; is_master: boolean | null; }[]' is not assignable to parameter of type 'MasterLookupVariant[]'.
  Type '{ id: string; is_master: boolean | null; }' is not assignable to type 'MasterLookupVariant'.
    Types of property 'is_master' are incompatible.
      Type 'boolean | null' is not assignable to type 'boolean | undefined'.
        Type 'null' is not assignable to type 'boolean | undefined'.
lib/procurement/purchase-orders/variant-image.ts(48,5): error TS2345: Argument of type 'MediaRow[]' is not assignable to parameter of type 'PrimaryImageCandidate[]'.
  Type 'MediaRow' is not assignable to type 'PrimaryImageCandidate'.
    Types of property 'sort_order' are incompatible.
      Type 'number | null' is not assignable to type 'number'.
        Type 'null' is not assignable to type 'number'.
lib/products/__tests__/compact-card-subline.test.ts(20,5): error TS2322: Type '"STANDARD"' is not assignable to type '"TAXABLE" | "NON_TAXABLE" | "OUT_OF_SCOPE" | "NON_GST_SUPPLY"'.
lib/products/__tests__/field-permissions.test.ts(24,5): error TS2322: Type '"STANDARD"' is not assignable to type '"TAXABLE" | "NON_TAXABLE" | "OUT_OF_SCOPE" | "NON_GST_SUPPLY"'.
lib/products/__tests__/list-column-display-text.test.ts(17,5): error TS2322: Type '"STANDARD"' is not assignable to type '"TAXABLE" | "NON_TAXABLE" | "OUT_OF_SCOPE" | "NON_GST_SUPPLY"'.
lib/products/__tests__/list-prefs.test.ts(397,59): error TS2345: Argument of type '{ columnOrder: string[]; visibleColumns: string[]; }' is not assignable to parameter of type 'ListColumnPrefs<"name" | "is_active" | "created_at" | "updated_at" | "classification" | "description" | "barcode" | "base_unit_of_measure" | "is_purchasable" | "is_salable" | "hsn_sac_code" | ... 10 more ... | "image">'.
  Types of property 'columnOrder' are incompatible.
    Type 'string[]' is not assignable to type '("name" | "is_active" | "created_at" | "updated_at" | "classification" | "description" | "barcode" | "base_unit_of_measure" | "is_purchasable" | "is_salable" | "hsn_sac_code" | ... 10 more ... | "image")[]'.
      Type 'string' is not assignable to type '"name" | "is_active" | "created_at" | "updated_at" | "classification" | "description" | "barcode" | "base_unit_of_measure" | "is_purchasable" | "is_salable" | "hsn_sac_code" | ... 10 more ... | "image"'.
lib/products/__tests__/list-prefs.test.ts(401,59): error TS2345: Argument of type '{ columnOrder: string[]; visibleColumns: string[]; }' is not assignable to parameter of type 'ListColumnPrefs<"name" | "is_active" | "created_at" | "updated_at" | "classification" | "description" | "barcode" | "base_unit_of_measure" | "is_purchasable" | "is_salable" | "hsn_sac_code" | ... 10 more ... | "image">'.
  Types of property 'columnOrder' are incompatible.
    Type 'string[]' is not assignable to type '("name" | "is_active" | "created_at" | "updated_at" | "classification" | "description" | "barcode" | "base_unit_of_measure" | "is_purchasable" | "is_salable" | "hsn_sac_code" | ... 10 more ... | "image")[]'.
      Type 'string' is not assignable to type '"name" | "is_active" | "created_at" | "updated_at" | "classification" | "description" | "barcode" | "base_unit_of_measure" | "is_purchasable" | "is_salable" | "hsn_sac_code" | ... 10 more ... | "image"'.
lib/products/__tests__/list-row-key.test.ts(27,5): error TS2322: Type '"STANDARD"' is not assignable to type '"TAXABLE" | "NON_TAXABLE" | "OUT_OF_SCOPE" | "NON_GST_SUPPLY"'.
lib/products/__tests__/list-row-presentation.test.ts(21,5): error TS2322: Type '"STANDARD"' is not assignable to type '"TAXABLE" | "NON_TAXABLE" | "OUT_OF_SCOPE" | "NON_GST_SUPPLY"'.
lib/products/__tests__/list-sort.test.ts(15,5): error TS2322: Type '"STANDARD"' is not assignable to type '"TAXABLE" | "NON_TAXABLE" | "OUT_OF_SCOPE" | "NON_GST_SUPPLY"'.
lib/products/__tests__/peek-panels.test.ts(27,20): error TS2352: Conversion of type '{ id: string; variants: ProductVariantSnapshot[]; variant_count_summary: { total: number; sellable: number; }; peek_loaded_sections: never[]; }' to type 'ProductDetailSnapshot' may be a mistake because neither type sufficiently overlaps with the other. If this was intentional, convert the expression to 'unknown' first.
  Type '{ id: string; variants: ProductVariantSnapshot[]; variant_count_summary: { total: number; sellable: number; }; peek_loaded_sections: never[]; }' is missing the following properties from type 'ProductDetailSnapshot': name, code, description, classification, and 51 more.
lib/products/__tests__/peek-panels.test.ts(49,20): error TS2352: Conversion of type '{ variant_count_summary: { total: number; sellable: number; }; variants: never[]; }' to type 'ProductDetailSnapshot' may be a mistake because neither type sufficiently overlaps with the other. If this was intentional, convert the expression to 'unknown' first.
  Type '{ variant_count_summary: { total: number; sellable: number; }; variants: never[]; }' is missing the following properties from type 'ProductDetailSnapshot': id, name, code, description, and 52 more.
lib/products/catalog-item-settings.ts(30,5): error TS2322: Type 'unknown' is not assignable to type '"GTIN_THEN_SKU" | "GTIN" | "SKU"'.
lib/products/list-card-surface.ts(27,3): error TS2322: Type 'undefined' is not assignable to type 'string'.
lib/products/list-prefs.ts(680,5): error TS18048: 'parsed.prefsVersion' is possibly 'undefined'.
lib/products/list-prefs.ts(687,5): error TS18048: 'parsed.prefsVersion' is possibly 'undefined'.
lib/products/list-prefs.ts(691,5): error TS18048: 'parsed.prefsVersion' is possibly 'undefined'.
lib/products/queries.ts(507,3): error TS2741: Property 'mrp' is missing in type '{ id: string; name: string; image_url: string | null; description: string | null; classification: "PHYSICAL_GOOD" | "RAW_MATERIAL" | "WIP_ASSEMBLY" | "FINISHED_GOOD" | "KIT_BUNDLE" | "CONSUMABLE" | "SERVICE"; ... 18 more ...; updated_at: string; }' but required in type 'ProductListRow'.
lib/products/queries.ts(972,5): error TS2322: Type 'string' is not assignable to type '"PHYSICAL_GOOD" | "RAW_MATERIAL" | "WIP_ASSEMBLY" | "FINISHED_GOOD" | "KIT_BUNDLE" | "CONSUMABLE" | "SERVICE"'.
lib/products/tax-options.ts(72,13): error TS1354: 'readonly' type modifier is only permitted on array and tuple literal types.
lib/products/tax-options.ts(77,22): error TS2339: Property 'rate' does not exist on type '{ id: string; }'.
lib/products/tax-options.ts(77,38): error TS2339: Property 'kind' does not exist on type '{ id: string; }'.
lib/products/tax-options.ts(77,61): error TS2339: Property 'is_variable' does not exist on type '{ id: string; }'.
lib/products/types.ts(579,3): error TS2741: Property 'mrp' is missing in type '{ id: string; name: string; image_url: string | null; description: string | null; classification: "PHYSICAL_GOOD" | "RAW_MATERIAL" | "WIP_ASSEMBLY" | "FINISHED_GOOD" | "KIT_BUNDLE" | "CONSUMABLE" | "SERVICE"; ... 22 more ...; variant_is_active: boolean; }' but required in type 'ProductListRow'.
lib/search/__tests__/client-scopes.test.ts(16,3): error TS2741: Property 'qc_receipt_policy' is missing in type '{ id: string; name: string; parent_id: null; is_active: true; attribute_templates: never[]; inherit_parent_attributes: true; default_variant_strategy: "SINGLE_SKU"; created_at: string; updated_at: string; }' but required in type 'CategoryRow'.
lib/search/__tests__/client-scopes.test.ts(27,3): error TS2741: Property 'qc_receipt_policy' is missing in type '{ id: string; name: string; parent_id: null; is_active: true; attribute_templates: never[]; inherit_parent_attributes: true; default_variant_strategy: "SINGLE_SKU"; created_at: string; updated_at: string; }' but required in type 'CategoryRow'.
lib/search/__tests__/client-scopes.test.ts(222,3): error TS2740: Type '{ id: string; voucher_number: string; destination_location_id: string; destination_location_name: string; destination_location_code: string; supplier_id: string; supplier_name: string; ... 20 more ...; updated_at: string; }' is missing the following properties from type 'PurchaseOrderRow': shipping_amount, shipping_tax_rate_pct, shipping_tax_amount, shipping_tax_type, and 5 more.
lib/search/__tests__/client-scopes.test.ts(252,3): error TS2740: Type '{ id: string; voucher_number: string; destination_location_id: string; destination_location_name: string; destination_location_code: string; supplier_id: string; supplier_name: string; ... 20 more ...; updated_at: string; }' is missing the following properties from type 'PurchaseOrderRow': shipping_amount, shipping_tax_rate_pct, shipping_tax_amount, shipping_tax_type, and 5 more.
